
C:\Users\fpaul\Downloads\ffmpeg-7.0.1-essentials_build\ffmpeg-7.0.1-essentials_build\bin>mediamtx.exe   rtsp://192.168.1.200:8088/boomcam
ERR: open rtsp://192.168.1.200:8088/boomcam: The filename, directory name, or volume label syntax is incorrect.

C:\Users\fpaul\Downloads\ffmpeg-7.0.1-essentials_build\ffmpeg-7.0.1-essentials_build\bin>mediamtx   rtsp://192.168.1.200:8088/boomcam
ERR: open rtsp://192.168.1.200:8088/boomcam: The filename, directory name, or volume label syntax is incorrect.

C:\Users\fpaul\Downloads\ffmpeg-7.0.1-essentials_build\ffmpeg-7.0.1-essentials_build\bin>mediamtx 192.168.1.200:8088/boomcam
ERR: open 192.168.1.200:8088/boomcam: The filename, directory name, or volume label syntax is incorrect.

C:\Users\fpaul\Downloads\ffmpeg-7.0.1-essentials_build\ffmpeg-7.0.1-essentials_build\bin>mediamtx -h
Usage: mediamtx [<confpath>] [flags]

MediaMTX v1.8.2

Arguments:
  [<confpath>]    path to a config file. The default is mediamtx.yml.

Flags:
  -h, --help       Show context-sensitive help.
      --version    print version

C:\Users\fpaul\Downloads\ffmpeg-7.0.1-essentials_build\ffmpeg-7.0.1-essentials_build\bin>mediamtx
2024/06/01 01:16:59 INF MediaMTX v1.8.2
2024/06/01 01:16:59 INF configuration loaded from C:\Users\fpaul\Downloads\ffmpeg-7.0.1-essentials_build\ffmpeg-7.0.1-essentials_build\bin\mediamtx.yml
2024/06/01 01:16:59 INF [RTSP] listener opened on :8554 (TCP), :8000 (UDP/RTP), :8001 (UDP/RTCP)
2024/06/01 01:16:59 INF [RTMP] listener opened on :1935
2024/06/01 01:16:59 INF [HLS] listener opened on :8888
2024/06/01 01:16:59 INF [WebRTC] listener opened on :8889 (HTTP), :8189 (ICE/UDP)
2024/06/01 01:16:59 INF [SRT] listener opened on :8890 (UDP)
2024/06/01 01:17:42 INF [RTSP] [conn 192.168.1.200:55087] opened
2024/06/01 01:17:42 INF [RTSP] [conn 192.168.1.200:55087] closed: invalid URL (udp://192.168.1.200:8554/boomcam)
2024/06/01 01:18:04 INF [RTSP] [conn 192.168.1.200:55088] opened
2024/06/01 01:18:04 INF [RTSP] [session b0a64d78] created by 192.168.1.200:55088
2024/06/01 01:18:04 INF [RTSP] [session b0a64d78] is publishing to path 'boomcam', 1 track (MPEG-4 Video)
2024/06/01 01:18:39 INF [RTSP] [conn 192.168.1.200:55097] opened
2024/06/01 01:18:40 INF [RTSP] [session 427212ca] created by 192.168.1.200:55097
2024/06/01 01:18:40 INF [RTSP] [session 427212ca] is reading from path 'boomcam', with UDP,1 track (MPEG-4 Video)
2024/06/01 01:19:07 INF [RTSP] [session b0a64d78] destroyed: torn down by 192.168.1.200:55088
2024/06/01 01:19:07 INF [RTSP] [conn 192.168.1.200:55088] closed: read tcp 192.168.1.200:8554->192.168.1.200:55088: wsarecv: An established connection was aborted by the software in your host machine.
2024/06/01 01:19:07 INF [RTSP] [conn 192.168.1.200:55097] closed: terminated
2024/06/01 01:19:07 INF [RTSP] [session 427212ca] destroyed: terminated
2024/06/01 01:19:18 INF [RTSP] [conn 192.168.1.200:55102] opened
2024/06/01 01:19:18 INF [RTSP] [conn 192.168.1.200:55102] closed: EOF
2024/06/01 01:28:45 INF shutting down gracefully
2024/06/01 01:28:45 INF [SRT] listener is closing
2024/06/01 01:28:45 INF [WebRTC] listener is closing
2024/06/01 01:28:45 INF [HLS] listener is closing
2024/06/01 01:28:45 INF [RTMP] listener is closing
2024/06/01 01:28:45 INF [RTSP] listener is closing
2024/06/01 01:28:45 INF waiting for running hooks

C:\Users\fpaul\Downloads\ffmpeg-7.0.1-essentials_build\ffmpeg-7.0.1-essentials_build\bin>mediamtx
2024/06/01 01:40:43 INF MediaMTX v1.8.2
2024/06/01 01:40:43 INF configuration loaded from C:\Users\fpaul\Downloads\ffmpeg-7.0.1-essentials_build\ffmpeg-7.0.1-essentials_build\bin\mediamtx.yml
2024/06/01 01:40:43 INF [RTSP] listener opened on :8554 (TCP), :8000 (UDP/RTP), :8001 (UDP/RTCP)
2024/06/01 01:40:43 INF [RTMP] listener opened on :1935
2024/06/01 01:40:43 INF [HLS] listener opened on :8888
2024/06/01 01:40:43 INF [WebRTC] listener opened on :8889 (HTTP), :8189 (ICE/UDP)
2024/06/01 01:40:43 INF [SRT] listener opened on :8890 (UDP)
2024/06/01 01:40:45 INF shutting down gracefully
2024/06/01 01:40:45 INF [SRT] listener is closing
2024/06/01 01:40:45 INF [WebRTC] listener is closing
2024/06/01 01:40:45 INF [HLS] listener is closing
2024/06/01 01:40:45 INF [RTMP] listener is closing
2024/06/01 01:40:45 INF [RTSP] listener is closing
2024/06/01 01:40:45 INF waiting for running hooks

C:\Users\fpaul\Downloads\ffmpeg-7.0.1-essentials_build\ffmpeg-7.0.1-essentials_build\bin>
C:\Users\fpaul\Downloads\ffmpeg-7.0.1-essentials_build\ffmpeg-7.0.1-essentials_build\bin>
C:\Users\fpaul\Downloads\ffmpeg-7.0.1-essentials_build\ffmpeg-7.0.1-essentials_build\bin>
C:\Users\fpaul\Downloads\ffmpeg-7.0.1-essentials_build\ffmpeg-7.0.1-essentials_build\bin>
C:\Users\fpaul\Downloads\ffmpeg-7.0.1-essentials_build\ffmpeg-7.0.1-essentials_build\bin>mediamtx
2024/06/01 01:40:47 INF MediaMTX v1.8.2
2024/06/01 01:40:47 INF configuration loaded from C:\Users\fpaul\Downloads\ffmpeg-7.0.1-essentials_build\ffmpeg-7.0.1-essentials_build\bin\mediamtx.yml
2024/06/01 01:40:47 INF [RTSP] listener opened on :8554 (TCP), :8000 (UDP/RTP), :8001 (UDP/RTCP)
2024/06/01 01:40:47 INF [RTMP] listener opened on :1935
2024/06/01 01:40:47 INF [HLS] listener opened on :8888
2024/06/01 01:40:47 INF [WebRTC] listener opened on :8889 (HTTP), :8189 (ICE/UDP)
2024/06/01 01:40:47 INF [SRT] listener opened on :8890 (UDP)
2024/06/01 01:42:24 INF [RTSP] [conn 192.168.1.200:55333] opened
2024/06/01 01:42:24 INF [RTSP] [session eb0b13e3] created by 192.168.1.200:55333
2024/06/01 01:42:24 INF [RTSP] [session eb0b13e3] is publishing to path 'boomcam', 1 track (H264)
2024/06/01 01:42:27 INF [RTSP] [session eb0b13e3] destroyed: torn down by 192.168.1.200:55333
2024/06/01 01:42:27 INF [RTSP] [conn 192.168.1.200:55333] closed: read tcp 192.168.1.200:8554->192.168.1.200:55333: wsarecv: An established connection was aborted by the software in your host machine.
2024/06/01 01:43:23 INF [RTSP] [conn 192.168.1.200:55341] opened
2024/06/01 01:43:23 INF [RTSP] [session 35c12bcd] created by 192.168.1.200:55341
2024/06/01 01:43:23 INF [RTSP] [session 35c12bcd] is publishing to path 'boomcam', 1 track (H264)
2024/06/01 01:43:25 INF [RTSP] [session 35c12bcd] destroyed: torn down by 192.168.1.200:55341
2024/06/01 01:43:25 INF [RTSP] [conn 192.168.1.200:55341] closed: read tcp 192.168.1.200:8554->192.168.1.200:55341: wsarecv: An established connection was aborted by the software in your host machine.
2024/06/01 01:43:30 INF [RTSP] [conn 192.168.1.200:55342] opened
2024/06/01 01:43:30 INF [RTSP] [session 791ab9a0] created by 192.168.1.200:55342
2024/06/01 01:43:30 INF [RTSP] [session 791ab9a0] is publishing to path 'boomcam', 1 track (H264)
2024/06/01 01:48:52 INF [RTSP] [conn 192.168.1.4:40518] opened
2024/06/01 01:48:52 INF [RTSP] [session e7171039] created by 192.168.1.4:40518
2024/06/01 01:48:52 INF [RTSP] [session e7171039] is reading from path 'boomcam', with UDP,1 track (H264)
2024/06/01 01:49:53 INF [RTSP] [session e7171039] destroyed: torn down by 192.168.1.4:40518
2024/06/01 01:49:53 INF [RTSP] [conn 192.168.1.4:40518] closed: EOF
2024/06/01 01:50:40 INF [WebRTC] [session 2a5b0ed5] created by 192.168.1.200:55433
2024/06/01 01:50:40 INF [WebRTC] [session 2a5b0ed5] peer connection established, local candidate: host/udp/172.20.16.1/8189, remote candidate: prflx/udp/192.168.1.200/62716
2024/06/01 01:50:40 INF [WebRTC] [session 2a5b0ed5] is reading from path 'boomcam', 1 track(H264)
2024/06/01 01:50:40 INF [WebRTC] [session 2a5b0ed5] closed: WebRTC doesn't support H264 streams with B-frames
2024/06/01 01:50:47 INF [WebRTC] [session fdcaa044] created by 192.168.1.200:55433
2024/06/01 01:50:47 INF [WebRTC] [session fdcaa044] peer connection established, local candidate: host/udp/192.168.126.1/8189, remote candidate: prflx/udp/192.168.1.200/64374
2024/06/01 01:50:47 INF [WebRTC] [session fdcaa044] is reading from path 'boomcam', 1 track(H264)
2024/06/01 01:50:48 INF [WebRTC] [session fdcaa044] closed: WebRTC doesn't support H264 streams with B-frames
2024/06/01 01:50:55 INF [WebRTC] [session ce5872cb] created by 192.168.1.200:55433
2024/06/01 01:50:55 INF [WebRTC] [session ce5872cb] peer connection established, local candidate: host/udp/192.168.126.1/8189, remote candidate: prflx/udp/192.168.1.200/58546
2024/06/01 01:50:55 INF [WebRTC] [session ce5872cb] is reading from path 'boomcam', 1 track(H264)
2024/06/01 01:50:55 INF [WebRTC] [session ce5872cb] closed: WebRTC doesn't support H264 streams with B-frames
2024/06/01 01:51:02 INF [WebRTC] [session 915a5305] created by 192.168.1.200:55433
2024/06/01 01:51:02 INF [WebRTC] [session 915a5305] peer connection established, local candidate: host/udp/192.168.126.1/8189, remote candidate: prflx/udp/192.168.1.200/50196
2024/06/01 01:51:02 INF [WebRTC] [session 915a5305] is reading from path 'boomcam', 1 track(H264)
2024/06/01 01:51:02 INF [WebRTC] [session 915a5305] closed: WebRTC doesn't support H264 streams with B-frames
2024/06/01 01:52:32 INF [RTSP] [session 791ab9a0] destroyed: torn down by 192.168.1.200:55342
2024/06/01 01:52:32 INF [RTSP] [conn 192.168.1.200:55342] closed: read tcp 192.168.1.200:8554->192.168.1.200:55342: wsarecv: An established connection was aborted by the software in your host machine.
2024/06/01 01:52:33 INF shutting down gracefully
2024/06/01 01:52:33 INF [SRT] listener is closing
2024/06/01 01:52:33 INF [WebRTC] listener is closing
2024/06/01 01:52:33 INF [HLS] listener is closing
2024/06/01 01:52:33 INF [RTMP] listener is closing
2024/06/01 01:52:33 INF [RTSP] listener is closing
2024/06/01 01:52:33 INF waiting for running hooks

C:\Users\fpaul\Downloads\ffmpeg-7.0.1-essentials_build\ffmpeg-7.0.1-essentials_build\bin>